1. To SSH into Amazon EC2 instance:
$ ssh -i <private_key_file>.pem ec2-user@<public_ip>

2. After typing 1, if you get below error,
It is required that your private key files are NOT accessible by others.
This private key will be ignored.
Load key "ec2-glassfish-keypair.pem": bad permissions
Permission denied (publickey).

$ chmod 400 <private_key_file>.pem

3. what filesystems are mounted?
$ df

4. run as postgres
$ su postgres -

5. Initialize a postgres database cluster and put it in /data
$ /usr/bin/initdb -D /data

6. status of postgres server
$ /usr/bin/pg_ctl status -D /data

7. start postgresql server
$ /usr/bin/pg_ctl start -D /data

8. stop postgresql server
/usr/bin/pg_ctl stop -D /data

9. To download rpm from oracle

# rpm
wget --no-cookies \
--no-check-certificate \
--header "Cookie: oraclelicense=accept-securebackup-cookie" \
"http://download.oracle.com/otn-pub/java/jdk/7u55-b13/jdk-7u55-linux-x64.rpm" \
-O jdk-7-linux-x64.rpm

# ubuntu
wget --no-cookies \
--no-check-certificate \
--header "Cookie: oraclelicense=accept-securebackup-cookie" \
"http://download.oracle.com/otn-pub/java/jdk/7u55-b13/jdk-7u55-linux-x64.tar.gz" \
-O jdk-7-linux-x64.tar.gz
# then
tar -xzvf jdk-7-linux-x64.tar.gz

10. Become special glassfish user
$ cd ~glassfish
$ su glassfish

11. Glassfish bin folder location
$ cd /usr/share/glassfish4/bin

12. Application server administration
$ ./asadmin

13. Change Master Password
$ change-master-password --savemasterpassword

14. Change Administrator password
$ change-admin-password

15. Start application server
$ start-domain

16. Enable secure admin
$ enable-secure-admin

17. Restart server
$ restart-domain

18. Stop server
$ stop-domain


